Godot Engine v4.7.2.stable.official.ed1daf0bf - https://godotengine.org
WARNING: Could not set V-Sync mode, as changing V-Sync mode is not supported by the graphics driver.
     at: set_use_vsync (platform/linuxbsd/x11/gl_manager_x11.cpp:372)
OpenGL API 4.5 (Core Profile) Mesa 25.2.8-0ubuntu0.24.04.3 - Compatibility - Using Device: Mesa - llvmpipe (LLVM 20.1.2, 256 bits)
ALSA lib confmisc.c:855:(parse_card) cannot find card '0'
ALSA lib conf.c:5208:(_snd_config_evaluate) function snd_func_card_inum returned error: No such file or directory
ALSA lib confmisc.c:422:(snd_func_concat) error evaluating strings
ALSA lib conf.c:5208:(_snd_config_evaluate) function snd_func_concat returned error: No such file or directory
ALSA lib confmisc.c:1342:(snd_func_refer) error evaluating name
ALSA lib conf.c:5208:(_snd_config_evaluate) function snd_func_refer returned error: No such file or directory
ALSA lib conf.c:5731:(snd_config_expand) Evaluate error: No such file or directory
ALSA lib pcm.c:2721:(snd_pcm_open_noupdate) Unknown PCM default
ERROR: Condition "status < 0" is true. Returning: ERR_CANT_OPEN
   at: init_output_device (drivers/alsa/audio_driver_alsa.cpp:97)
WARNING: All audio drivers failed, falling back to the dummy driver.
     at: initialize (servers/audio/audio_server.cpp:258)

[S_API] SteamAPI_Init(): SteamAPI_IsSteamRunning() did not locate a running instance of Steam.
dlopen failed trying to load:
/home/hatch/.steam/sdk64/steamclient.so
with error:
/home/hatch/.steam/sdk64/steamclient.so: cannot open shared object file: No such file or directory
[S_API] SteamAPI_Init(): Failed to load module '/home/hatch/.steam/sdk64/steamclient.so'
WARNING: [SteamManager] steamInit failed; running without Steam.
     at: push_warning (core/variant/variant_utility.cpp:1033)
     GDScript backtrace (most recent call first):
         [0] _ready (res://scripts/autoload/steam_manager.gd:29)
[ItemDB] Loaded 26 items.
[CameraPass] === theme: village ===
[CameraPass] shot /home/hatch/workspace/dungeon-crawler/tools/camera_pass/output/village_01_wide.png err=0
[CameraPass] shot /home/hatch/workspace/dungeon-crawler/tools/camera_pass/output/village_02_orbit0.png err=0
[CameraPass] shot /home/hatch/workspace/dungeon-crawler/tools/camera_pass/output/village_03_orbit1.png err=0
[CameraPass] shot /home/hatch/workspace/dungeon-crawler/tools/camera_pass/output/village_04_orbit2.png err=0
[CameraPass] shot /home/hatch/workspace/dungeon-crawler/tools/camera_pass/output/village_05_combat0.png err=0
[CameraPass] shot /home/hatch/workspace/dungeon-crawler/tools/camera_pass/output/village_06_combat1.png err=0
[CameraPass] === theme: dungeon ===
[CameraPass] shot /home/hatch/workspace/dungeon-crawler/tools/camera_pass/output/dungeon_01_wide.png err=0
[CameraPass] shot /home/hatch/workspace/dungeon-crawler/tools/camera_pass/output/dungeon_02_orbit0.png err=0
[CameraPass] shot /home/hatch/workspace/dungeon-crawler/tools/camera_pass/output/dungeon_03_orbit1.png err=0
[CameraPass] shot /home/hatch/workspace/dungeon-crawler/tools/camera_pass/output/dungeon_04_orbit2.png err=0
[CameraPass] shot /home/hatch/workspace/dungeon-crawler/tools/camera_pass/output/dungeon_05_combat0.png err=0
[CameraPass] shot /home/hatch/workspace/dungeon-crawler/tools/camera_pass/output/dungeon_06_combat1.png err=0
[CameraPass] === theme: depths ===
[CameraPass] shot /home/hatch/workspace/dungeon-crawler/tools/camera_pass/output/depths_01_wide.png err=0
[CameraPass] shot /home/hatch/workspace/dungeon-crawler/tools/camera_pass/output/depths_02_orbit0.png err=0
[CameraPass] shot /home/hatch/workspace/dungeon-crawler/tools/camera_pass/output/depths_03_orbit1.png err=0
[CameraPass] shot /home/hatch/workspace/dungeon-crawler/tools/camera_pass/output/depths_04_orbit2.png err=0
[CameraPass] shot /home/hatch/workspace/dungeon-crawler/tools/camera_pass/output/depths_05_combat0.png err=0
[CameraPass] shot /home/hatch/workspace/dungeon-crawler/tools/camera_pass/output/depths_06_combat1.png err=0
[CameraPass] === theme: supermarket ===
SCRIPT ERROR: Cannot call method 'add_child' on a null value.
          at: sfx (res://scripts/autoload/audio_manager.gd:143)
          GDScript backtrace (most recent call first):
              [0] sfx (res://scripts/autoload/audio_manager.gd:143)
              [1] spawn_portal (res://scripts/dungeon/dungeon.gd:1418)
              [2] _ready (res://scripts/dungeon/dungeon.gd:120)
              [3] _swap_to_dungeon (res://tools/camera_pass/camera_pass.gd:140)
[CameraPass] shot /home/hatch/workspace/dungeon-crawler/tools/camera_pass/output/supermarket_01_wide.png err=0
[CameraPass] shot /home/hatch/workspace/dungeon-crawler/tools/camera_pass/output/supermarket_02_orbit0.png err=0
[CameraPass] shot /home/hatch/workspace/dungeon-crawler/tools/camera_pass/output/supermarket_03_orbit1.png err=0
[CameraPass] shot /home/hatch/workspace/dungeon-crawler/tools/camera_pass/output/supermarket_04_orbit2.png err=0
[CameraPass] shot /home/hatch/workspace/dungeon-crawler/tools/camera_pass/output/supermarket_05_aisle.png err=0
[CameraPass] === theme: warlord ===
SCRIPT ERROR: Cannot call method 'add_child' on a null value.
          at: sfx (res://scripts/autoload/audio_manager.gd:143)
          GDScript backtrace (most recent call first):
              [0] sfx (res://scripts/autoload/audio_manager.gd:143)
              [1] spawn_portal (res://scripts/dungeon/dungeon.gd:1418)
              [2] _ready (res://scripts/dungeon/dungeon.gd:128)
              [3] _swap_to_dungeon (res://tools/camera_pass/camera_pass.gd:140)
[Warlord] Setting up RTS mode...
[Warlord] Found 1 players
[CameraPass] shot /home/hatch/workspace/dungeon-crawler/tools/camera_pass/output/warlord_01_wide.png err=0
[CameraPass] shot /home/hatch/workspace/dungeon-crawler/tools/camera_pass/output/warlord_02_orbit0.png err=0
[CameraPass] shot /home/hatch/workspace/dungeon-crawler/tools/camera_pass/output/warlord_03_orbit1.png err=0
[CameraPass] shot /home/hatch/workspace/dungeon-crawler/tools/camera_pass/output/warlord_04_orbit2.png err=0
[CameraPass] shot /home/hatch/workspace/dungeon-crawler/tools/camera_pass/output/warlord_05_topdown.png err=0
[CameraPass] DONE total_shots=28 dir=/home/hatch/workspace/dungeon-crawler/tools/camera_pass/output
WARNING: 1 RID of type "CanvasItem" was leaked.
   at: _free_rids (servers/rendering/renderer_canvas_cull.cpp:2733)
WARNING: 11 ObjectDB instances were leaked at exit (run with `--verbose` for details).
   at: cleanup (core/object/object.cpp:2536)
